<?php return array (
  0 => 'Symfony\\Bundle\\FrameworkBundle\\Controller\\AbstractController',
  1 => 'App\\Controller\\AdminController',
  2 => 'App\\Controller\\AnswerController',
  3 => 'App\\Controller\\BaseController',
  4 => 'App\\Controller\\CommentController',
  5 => 'App\\Controller\\CommentCreatorController',
  6 => 'App\\Controller\\DonationsController',
  7 => 'App\\Controller\\Homepage',
  8 => 'App\\Controller\\OnlyForBestsController',
  9 => 'App\\Controller\\PostCreatorController',
  10 => 'App\\Controller\\QuestionController',
  11 => 'App\\Controller\\RegistrationController',
  12 => 'App\\Controller\\SecurityController',
  13 => 'App\\Controller\\SkillsController',
  14 => 'App\\Controller\\UserController',
  15 => 'App\\Entity\\Answer',
  16 => 'App\\Entity\\Cauze',
  17 => 'App\\Entity\\Owner',
  18 => 'App\\Entity\\Products',
  19 => 'App\\Entity\\Question',
  20 => 'App\\Entity\\QuestionTag',
  21 => 'App\\Entity\\Tag',
  22 => 'App\\Entity\\TotalVotes',
  23 => 'App\\Entity\\UniqueCodes',
  24 => 'App\\Entity\\User',
  25 => 'App\\Entity\\UserVotes',
  26 => 'Doctrine\\Bundle\\DoctrineBundle\\Controller\\ProfilerController',
  27 => 'Doctrine\\ORM\\Cache\\Persister\\Entity\\AbstractEntityPersister',
  28 => 'Doctrine\\ORM\\Cache\\Persister\\Entity\\CachedEntityPersister',
  29 => 'Doctrine\\ORM\\Cache\\Persister\\Entity\\NonStrictReadWriteCachedEntityPersister',
  30 => 'Doctrine\\ORM\\Cache\\Persister\\Entity\\ReadOnlyCachedEntityPersister',
  31 => 'Doctrine\\ORM\\Cache\\Persister\\Entity\\ReadWriteCachedEntityPersister',
  32 => 'Doctrine\\ORM\\Persisters\\Entity\\AbstractEntityInheritancePersister',
  33 => 'Doctrine\\ORM\\Persisters\\Entity\\BasicEntityPersister',
  34 => 'Doctrine\\ORM\\Persisters\\Entity\\CachedPersisterContext',
  35 => 'Doctrine\\ORM\\Persisters\\Entity\\EntityPersister',
  36 => 'Doctrine\\ORM\\Persisters\\Entity\\JoinedSubclassPersister',
  37 => 'Doctrine\\ORM\\Persisters\\Entity\\SingleTablePersister',
  38 => 'Gedmo\\Loggable\\Entity\\LogEntry',
  39 => 'Gedmo\\Loggable\\Entity\\MappedSuperclass\\AbstractLogEntry',
  40 => 'Gedmo\\Loggable\\Entity\\Repository\\LogEntryRepository',
  41 => 'Gedmo\\Sortable\\Entity\\Repository\\SortableRepository',
  42 => 'Gedmo\\Translatable\\Entity\\MappedSuperclass\\AbstractPersonalTranslation',
  43 => 'Gedmo\\Translatable\\Entity\\MappedSuperclass\\AbstractTranslation',
  44 => 'Gedmo\\Translatable\\Entity\\Repository\\TranslationRepository',
  45 => 'Gedmo\\Translatable\\Entity\\Translation',
  46 => 'Gedmo\\Translator\\Entity\\Translation',
  47 => 'Gedmo\\Tree\\Entity\\MappedSuperclass\\AbstractClosure',
  48 => 'Gedmo\\Tree\\Entity\\Repository\\AbstractTreeRepository',
  49 => 'Gedmo\\Tree\\Entity\\Repository\\ClosureTreeRepository',
  50 => 'Gedmo\\Tree\\Entity\\Repository\\MaterializedPathRepository',
  51 => 'Gedmo\\Tree\\Entity\\Repository\\NestedTreeRepository',
  52 => 'Scheb\\TwoFactorBundle\\Controller\\FormController',
  54 => 'Symfony\\Bundle\\FrameworkBundle\\Controller\\ControllerResolver',
  55 => 'Symfony\\Bundle\\FrameworkBundle\\Controller\\RedirectController',
  56 => 'Symfony\\Bundle\\FrameworkBundle\\Controller\\TemplateController',
  57 => 'Symfony\\Bundle\\WebProfilerBundle\\Controller\\ExceptionPanelController',
  58 => 'Symfony\\Bundle\\WebProfilerBundle\\Controller\\ProfilerController',
  59 => 'Symfony\\Bundle\\WebProfilerBundle\\Controller\\RouterController',
  60 => 'Symfony\\Component\\HttpKernel\\Controller\\ArgumentResolver',
  61 => 'Symfony\\Component\\HttpKernel\\Controller\\ArgumentResolverInterface',
  62 => 'Symfony\\Component\\HttpKernel\\Controller\\ArgumentResolver\\DefaultValueResolver',
  63 => 'Symfony\\Component\\HttpKernel\\Controller\\ArgumentResolver\\NotTaggedControllerValueResolver',
  64 => 'Symfony\\Component\\HttpKernel\\Controller\\ArgumentResolver\\RequestAttributeValueResolver',
  65 => 'Symfony\\Component\\HttpKernel\\Controller\\ArgumentResolver\\RequestValueResolver',
  66 => 'Symfony\\Component\\HttpKernel\\Controller\\ArgumentResolver\\ServiceValueResolver',
  67 => 'Symfony\\Component\\HttpKernel\\Controller\\ArgumentResolver\\SessionValueResolver',
  68 => 'Symfony\\Component\\HttpKernel\\Controller\\ArgumentResolver\\TraceableValueResolver',
  69 => 'Symfony\\Component\\HttpKernel\\Controller\\ArgumentResolver\\VariadicValueResolver',
  70 => 'Symfony\\Component\\HttpKernel\\Controller\\ArgumentValueResolverInterface',
  71 => 'Symfony\\Component\\HttpKernel\\Controller\\ContainerControllerResolver',
  72 => 'Symfony\\Component\\HttpKernel\\Controller\\ControllerReference',
  73 => 'Symfony\\Component\\HttpKernel\\Controller\\ControllerResolver',
  74 => 'Symfony\\Component\\HttpKernel\\Controller\\ControllerResolverInterface',
  75 => 'Symfony\\Component\\HttpKernel\\Controller\\ErrorController',
  76 => 'Symfony\\Component\\HttpKernel\\Controller\\TraceableArgumentResolver',
  77 => 'Symfony\\Component\\HttpKernel\\Controller\\TraceableControllerResolver',
  78 => 'Symfony\\Component\\Security\\Http\\Controller\\UserValueResolver',
);